###############################################################################
#
# IAR ELF Linker V3.10.1.201 for STM8                     10/Apr/2018  12:33:10
# Copyright 2010-2017 IAR Systems AB.
#
#    Output file  =  C:\Users\Dell\Desktop\Test_stm8\Debug\Exe\blink.out
#    Map file     =  C:\Users\Dell\Desktop\Test_stm8\Debug\List\blink.map
#    Command line =  
#        -f C:\Users\Dell\AppData\Local\Temp\EWB16E.tmp
#        (C:\Users\Dell\Desktop\Test_stm8\Debug\Obj\main.o
#        C:\Users\Dell\Desktop\Test_stm8\Debug\Obj\stm8s_adc1.o
#        C:\Users\Dell\Desktop\Test_stm8\Debug\Obj\stm8s_clk.o
#        C:\Users\Dell\Desktop\Test_stm8\Debug\Obj\stm8s_exti.o
#        C:\Users\Dell\Desktop\Test_stm8\Debug\Obj\stm8s_gpio.o
#        C:\Users\Dell\Desktop\Test_stm8\Debug\Obj\stm8s_it.o
#        C:\Users\Dell\Desktop\Test_stm8\Debug\Obj\System.o --redirect
#        _Printf=_PrintfFullNoMb --redirect _Scanf=_ScanfFullNoMb -o
#        C:\Users\Dell\Desktop\Test_stm8\Debug\Exe\blink.out --map
#        C:\Users\Dell\Desktop\Test_stm8\Debug\List\blink.map --config
#        "E:\Software\IAR Systems\Embedded Workbench
#        8.0\stm8\config\lnkstm8s105c4.icf" --config_def _CSTACK_SIZE=0x100
#        --config_def _HEAP_SIZE=0x100 --entry __iar_program_start --debug_lib)
#
###############################################################################

*******************************************************************************
*** RUNTIME MODEL ATTRIBUTES
***

__SystemLibrary            = DLib
__code_model               = medium_or_large
__core                     = stm8
__data_model               = medium
__dlib_file_descriptor     = 0
__dlib_full_locale_support = 0
__rt_version               = 4


*******************************************************************************
*** PLACEMENT SUMMARY
***

"A0":  place at start of [0x000000-0x0000ff] { rw section .vregs };
"A1":  place at end of [0x000000-0x0007ff] { block CSTACK };
"P2":  place in [from 0x000000 to 0x0007ff] {
          block HEAP, rw section __DLIB_PERTHREAD, rw section .far.bss,
          rw section .far.data, rw section .far.noinit,
          rw section .far_func.textrw, rw section .huge.bss,
          rw section .huge.data, rw section .huge.noinit,
          rw section .huge_func.textrw, rw section .iar.dynexit,
          rw section .near.bss, rw section .near.data, rw section .near.noinit,
          rw section .near_func.textrw };
"A2":  place at start of [0x008000-0x00bfff] { block INTVEC };
"P3":  place in [from 0x008000 to 0x00bfff] {
          ro section __DLIB_PERTHREAD_init, ro section .far.data_init,
          ro section .far_func.textrw_init, ro section .huge.data_init,
          ro section .huge_func.textrw_init, ro section .iar.init_table,
          ro section .init_array, ro section .near.data_init,
          ro section .near.rodata, ro section .near_func.text,
          ro section .near_func.textrw_init, ro section .tiny.data_init,
          ro section .tiny.rodata_init };
"P4":  place in [from 0x008000 to 0x00bfff] {
          ro section .far.rodata, ro section .far_func.text };
"P5":  place in [from 0x008000 to 0x00bfff] {
          ro section .huge.rodata, ro section .huge_func.text };
do not initialize {
   rw section .eeprom.noinit, rw section .far.noinit, rw section .huge.noinit,
   rw section .near.noinit, rw section .tiny.noinit, rw section .vregs };

  Section          Kind      Address   Size  Object
  -------          ----      -------   ----  ------
"A0":                                   0xc
  .vregs           uninit   0x000000    0xc  vregs.o [4]
                          - 0x00000c    0xc

"P2":                                   0x4
  .near.bss        zero     0x00000c    0x2  main.o [1]
  .near.bss        zero     0x00000e    0x2  main.o [1]
                          - 0x000010    0x4

"A1":                                 0x100
  CSTACK                    0x000700  0x100  <Block>
    CSTACK         uninit   0x000700  0x100  <Block tail>
                          - 0x000800  0x100

"A2":                                  0x80
  INTVEC                    0x008000   0x80  <Block>
    .intvec        const    0x008000   0x80  interrupt.o [4]
                          - 0x008080   0x80

"P3-P5":                              0x5c0
  .far_func.text   ro code  0x008080  0x115  stm8s_gpio.o [1]
  .far_func.text   ro code  0x008195   0xdf  main.o [1]
  .far_func.text   ro code  0x008274   0xab  stm8s_clk.o [1]
  .far_func.text   ro code  0x00831f   0x8c  stm8s_clk.o [1]
  .far_func.text   ro code  0x0083ab   0x76  vreg_util.o [4]
  .near.rodata     const    0x008421   0x48  stm8s_gpio.o [1]
  .near.rodata     const    0x008469   0x47  stm8s_clk.o [1]
  .far_func.text   ro code  0x0084b0   0x3e  stm8s_clk.o [1]
  .far_func.text   ro code  0x0084ee   0x36  stm8s_clk.o [1]
  .iar.init_table  const    0x008524    0x9  - Linker created -
  .far_func.text   ro code  0x00852d   0x1e  init.o [4]
  .far_func.text   ro code  0x00854b   0x1e  init_small.o [4]
  .far_func.text   ro code  0x008569   0x1b  main.o [1]
  .far_func.text   ro code  0x008584   0x19  long.o [4]
  .far_func.text   ro code  0x00859d   0x17  cstartup.o [4]
  .far_func.text   ro code  0x0085b4   0x16  __dbg_xxexit.o [3]
  .far_func.text   ro code  0x0085ca   0x15  main.o [1]
  .far_func.text   ro code  0x0085df   0x14  stm8s_gpio.o [1]
  .far_func.text   ro code  0x0085f3    0xe  far_util.o [4]
  .far_func.text   ro code  0x008601    0x7  stm8s_gpio.o [1]
  .far_func.text   ro code  0x008608    0x7  stm8s_gpio.o [1]
  .far_func.text   ro code  0x00860f    0x6  cexit.o [4]
  .far_func.text   ro code  0x008615    0x4  stm8s_gpio.o [1]
  .far_func.text   ro code  0x008619    0x4  interrupt.o [4]
  .far_func.text   ro code  0x00861d    0x4  exit.o [4]
  .far_func.text   ro code  0x008621    0x3  low_level_init.o [4]
  .far_func.text   ro code  0x008624    0x3  unhandled_exception.o [4]
  .far_func.text   ro code  0x008627    0x2  main.o [1]
  .far_func.text   ro code  0x008629    0x1  stm8s_it.o [1]
  .far_func.text   ro code  0x00862a    0x1  stm8s_it.o [1]
  .far_func.text   ro code  0x00862b    0x1  stm8s_it.o [1]
  .far_func.text   ro code  0x00862c    0x1  stm8s_it.o [1]
  .far_func.text   ro code  0x00862d    0x1  stm8s_it.o [1]
  .far_func.text   ro code  0x00862e    0x1  stm8s_it.o [1]
  .far_func.text   ro code  0x00862f    0x1  stm8s_it.o [1]
  .far_func.text   ro code  0x008630    0x1  stm8s_it.o [1]
  .far_func.text   ro code  0x008631    0x1  stm8s_it.o [1]
  .far_func.text   ro code  0x008632    0x1  stm8s_it.o [1]
  .far_func.text   ro code  0x008633    0x1  stm8s_it.o [1]
  .far_func.text   ro code  0x008634    0x1  stm8s_it.o [1]
  .far_func.text   ro code  0x008635    0x1  stm8s_it.o [1]
  .far_func.text   ro code  0x008636    0x1  stm8s_it.o [1]
  .far_func.text   ro code  0x008637    0x1  stm8s_it.o [1]
  .far_func.text   ro code  0x008638    0x1  stm8s_it.o [1]
  .far_func.text   ro code  0x008639    0x1  stm8s_it.o [1]
  .far_func.text   ro code  0x00863a    0x1  stm8s_it.o [1]
  .far_func.text   ro code  0x00863b    0x1  stm8s_it.o [1]
  .far_func.text   ro code  0x00863c    0x1  stm8s_it.o [1]
  .far_func.text   ro code  0x00863d    0x1  stm8s_it.o [1]
  .far_func.text   ro code  0x00863e    0x1  stm8s_it.o [1]
  .far_func.text   ro code  0x00863f    0x1  __dbg_break.o [3]
                          - 0x008640  0x5c0


*******************************************************************************
*** INIT TABLE
***

          Address   Size
          -------   ----
Zero (__iar_zero_init2)
    1 destination range, total size 0x4:
          0x00000c   0x4



*******************************************************************************
*** MODULE SUMMARY
***

    Module                 ro code  ro data  rw data
    ------                 -------  -------  -------
C:\Users\Dell\Desktop\Test_stm8\Debug\Obj: [1]
    main.o                     273                 4
    stm8s_clk.o                427       71
    stm8s_gpio.o               315       72
    stm8s_it.o                  22
    ------------------------------------------------
    Total:                   1 037      143        4

command line: [2]
    ------------------------------------------------
    Total:

dbgstm8mmd.a: [3]
    __dbg_break.o                1
    __dbg_xxexit.o              22
    ------------------------------------------------
    Total:                      23

dlstm8mmn.a: [4]
    cexit.o                      6
    cstartup.o                  23
    exit.o                       4
    far_util.o                  14
    init.o                      30
    init_small.o                30
    interrupt.o                  4      128
    long.o                      25
    low_level_init.o             3
    unhandled_exception.o        3
    vreg_util.o                118
    vregs.o                                       12
    ------------------------------------------------
    Total:                     260      128       12

    Linker created                        9      256
----------------------------------------------------
    Grand Total:             1 320      280      272


*******************************************************************************
*** ENTRY LIST
***

Entry                    Address   Size  Type      Object
-----                    -------   ----  ----      ------
.iar.init_table$$Base   0x008524          --   Gb  - Linker created -
.iar.init_table$$Limit  0x00852d          --   Gb  - Linker created -
?b0                     0x000000         Data  Gb  vregs.o [4]
?b1                     0x000001         Data  Gb  vregs.o [4]
?b10                    0x00000a         Data  Gb  vregs.o [4]
?b11                    0x00000b         Data  Gb  vregs.o [4]
?b2                     0x000002         Data  Gb  vregs.o [4]
?b3                     0x000003         Data  Gb  vregs.o [4]
?b4                     0x000004         Data  Gb  vregs.o [4]
?b5                     0x000005         Data  Gb  vregs.o [4]
?b6                     0x000006         Data  Gb  vregs.o [4]
?b7                     0x000007         Data  Gb  vregs.o [4]
?b8                     0x000008         Data  Gb  vregs.o [4]
?b9                     0x000009         Data  Gb  vregs.o [4]
?dec32_0x_0x            0x008589         Code  Gb  long.o [4]
?dec32_l0_l0            0x008584         Code  Gb  long.o [4]
?e0                     0x000001         Data  Gb  vregs.o [4]
?e1                     0x000005         Data  Gb  vregs.o [4]
?e2                     0x000009         Data  Gb  vregs.o [4]
?epilogue_l2            0x008417         Code  Gb  vreg_util.o [4]
?epilogue_w4            0x00841c         Code  Gb  vreg_util.o [4]
?l0                     0x000000         Data  Gb  vregs.o [4]
?l1                     0x000004         Data  Gb  vregs.o [4]
?l2                     0x000008         Data  Gb  vregs.o [4]
?load24_e1_0x           0x0085f3         Code  Gb  far_util.o [4]
?pop_l2                 0x008400         Code  Gb  vreg_util.o [4]
?pop_w4                 0x0083c7         Code  Gb  vreg_util.o [4]
?push_l2                0x0083da         Code  Gb  vreg_util.o [4]
?push_w4                0x0083ab         Code  Gb  vreg_util.o [4]
?w0                     0x000000         Data  Gb  vregs.o [4]
?w1                     0x000002         Data  Gb  vregs.o [4]
?w2                     0x000004         Data  Gb  vregs.o [4]
?w3                     0x000006         Data  Gb  vregs.o [4]
?w4                     0x000008         Data  Gb  vregs.o [4]
?w5                     0x00000a         Data  Gb  vregs.o [4]
ADC1_IRQHandler         0x00863c    0x1  Code  Gb  stm8s_it.o [1]
AWU_IRQHandler          0x00862b    0x1  Code  Gb  stm8s_it.o [1]
CLK_DeInit              0x0084ee   0x36  Code  Gb  stm8s_clk.o [1]
CLK_GetFlagStatus       0x008274   0xab  Code  Gb  stm8s_clk.o [1]
CLK_HSIPrescalerConfig  0x0084b0   0x3e  Code  Gb  stm8s_clk.o [1]
CLK_IRQHandler          0x00862c    0x1  Code  Gb  stm8s_it.o [1]
CLK_SYSCLKConfig        0x00831f   0x8c  Code  Gb  stm8s_clk.o [1]
CSTACK$$Base            0x000700          --   Gb  - Linker created -
CSTACK$$Limit           0x000800          --   Gb  - Linker created -
Delay                   0x0085ca   0x15  Code  Gb  main.o [1]
EEPROM_EEC_IRQHandler   0x00863e    0x1  Code  Gb  stm8s_it.o [1]
EXTI_PORTA_IRQHandler   0x00862d    0x1  Code  Gb  stm8s_it.o [1]
EXTI_PORTB_IRQHandler   0x00862e    0x1  Code  Gb  stm8s_it.o [1]
EXTI_PORTC_IRQHandler   0x00862f    0x1  Code  Gb  stm8s_it.o [1]
EXTI_PORTD_IRQHandler   0x008630    0x1  Code  Gb  stm8s_it.o [1]
EXTI_PORTE_IRQHandler   0x008631    0x1  Code  Gb  stm8s_it.o [1]
GPIO_DeInit             0x0085df   0x14  Code  Gb  stm8s_gpio.o [1]
GPIO_Init               0x008080  0x115  Code  Gb  stm8s_gpio.o [1]
GPIO_ReadInputPin       0x008608    0x7  Code  Gb  stm8s_gpio.o [1]
GPIO_WriteHigh          0x008601    0x7  Code  Gb  stm8s_gpio.o [1]
GPIO_WriteLow           0x008615    0x4  Code  Gb  stm8s_gpio.o [1]
I2C_IRQHandler          0x008639    0x1  Code  Gb  stm8s_it.o [1]
INTVEC$$Base            0x008000          --   Gb  - Linker created -
INTVEC$$Limit           0x008080          --   Gb  - Linker created -
Region$$Table$$Base     0x008524          --   Gb  - Linker created -
Region$$Table$$Limit    0x00852d          --   Gb  - Linker created -
SPI_IRQHandler          0x008632    0x1  Code  Gb  stm8s_it.o [1]
TIM1_CAP_COM_IRQHandler
                        0x008634    0x1  Code  Gb  stm8s_it.o [1]
TIM1_UPD_OVF_TRG_BRK_IRQHandler
                        0x008633    0x1  Code  Gb  stm8s_it.o [1]
TIM2_CAP_COM_IRQHandler
                        0x008636    0x1  Code  Gb  stm8s_it.o [1]
TIM2_UPD_OVF_BRK_IRQHandler
                        0x008635    0x1  Code  Gb  stm8s_it.o [1]
TIM3_CAP_COM_IRQHandler
                        0x008638    0x1  Code  Gb  stm8s_it.o [1]
TIM3_UPD_OVF_BRK_IRQHandler
                        0x008637    0x1  Code  Gb  stm8s_it.o [1]
TIM4_UPD_OVF_IRQHandler
                        0x00863d    0x1  Code  Gb  stm8s_it.o [1]
TLI_IRQHandler          0x00862a    0x1  Code  Gb  stm8s_it.o [1]
TRAP_IRQHandler         0x008629    0x1  Code  Gb  stm8s_it.o [1]
UART2_RX_IRQHandler     0x00863b    0x1  Code  Gb  stm8s_it.o [1]
UART2_TX_IRQHandler     0x00863a    0x1  Code  Gb  stm8s_it.o [1]
__DebugBreak            0x00863f    0x1  Code  Gb  __dbg_break.o [3]
__exit                  0x0085b4   0x16  Code  Gb  __dbg_xxexit.o [3]
__iar_data_init2        0x00852d   0x1e  Code  Gb  init.o [4]
__iar_program_start     0x00859d         Code  Gb  cstartup.o [4]
__iar_unhandled_exception
                        0x008624         Code  Gb  unhandled_exception.o [4]
__iar_zero_init2        0x00854b         Code  Gb  init_small.o [4]
__intvec                0x008000         Data  Gb  interrupt.o [4]
__low_level_init        0x008621    0x3  Code  Gb  low_level_init.o [4]
_exit                   0x00860f         Code  Gb  cexit.o [4]
_interrupt_1            0x008629         Code  Gb  stm8s_it.o [1]
_interrupt_12           0x008632         Code  Gb  stm8s_it.o [1]
_interrupt_13           0x008633         Code  Gb  stm8s_it.o [1]
_interrupt_14           0x008634         Code  Gb  stm8s_it.o [1]
_interrupt_15           0x008635         Code  Gb  stm8s_it.o [1]
_interrupt_16           0x008636         Code  Gb  stm8s_it.o [1]
_interrupt_17           0x008637         Code  Gb  stm8s_it.o [1]
_interrupt_18           0x008638         Code  Gb  stm8s_it.o [1]
_interrupt_2            0x00862a         Code  Gb  stm8s_it.o [1]
_interrupt_21           0x008639         Code  Gb  stm8s_it.o [1]
_interrupt_22           0x00863a         Code  Gb  stm8s_it.o [1]
_interrupt_23           0x00863b         Code  Gb  stm8s_it.o [1]
_interrupt_24           0x00863c         Code  Gb  stm8s_it.o [1]
_interrupt_25           0x00863d         Code  Gb  stm8s_it.o [1]
_interrupt_26           0x00863e         Code  Gb  stm8s_it.o [1]
_interrupt_3            0x00862b         Code  Gb  stm8s_it.o [1]
_interrupt_4            0x00862c         Code  Gb  stm8s_it.o [1]
_interrupt_5            0x00862d         Code  Gb  stm8s_it.o [1]
_interrupt_6            0x00862e         Code  Gb  stm8s_it.o [1]
_interrupt_7            0x00862f         Code  Gb  stm8s_it.o [1]
_interrupt_8            0x008630         Code  Gb  stm8s_it.o [1]
_interrupt_9            0x008631         Code  Gb  stm8s_it.o [1]
assert_failed           0x008627    0x2  Code  Gb  main.o [1]
clk_config              0x008569   0x1b  Code  Gb  main.o [1]
exit                    0x00861d    0x4  Code  Gb  exit.o [4]
main                    0x008195   0xdf  Code  Gb  main.o [1]
nbut1                   0x00000c    0x2  Data  Gb  main.o [1]
nbut2                   0x00000e    0x2  Data  Gb  main.o [1]


[1] = C:\Users\Dell\Desktop\Test_stm8\Debug\Obj
[2] = command line
[3] = dbgstm8mmd.a
[4] = dlstm8mmn.a

  1 320 bytes of readonly  code memory
    280 bytes of readonly  data memory
    272 bytes of readwrite data memory

Errors: none
Warnings: none
